MemTotal:        2534120 kB
MemFree:          221752 kB
MemAvailable:    1265664 kB
Buffers:            8644 kB
Cached:          1208456 kB
SwapCached:         6240 kB
Active:          1312060 kB
Inactive:         484232 kB
Active(anon):     472152 kB
Inactive(anon):   121208 kB
Active(file):     839908 kB
Inactive(file):   363024 kB
Unevictable:        4036 kB
Mlocked:            4036 kB
SwapTotal:       1900584 kB
SwapFree:        1592872 kB
Dirty:             68432 kB
Writeback:           108 kB
AnonPages:        579724 kB
Mapped:           728872 kB
Shmem:             11096 kB
KReclaimable:     111520 kB
Slab:             170328 kB
SReclaimable:      62312 kB
SUnreclaim:       108016 kB
KernelStack:       29192 kB
PageTables:        59528 kB
SecPageTables:         0 kB
NFS_Unstable:          0 kB
Bounce:                0 kB
WritebackTmp:          0 kB
CommitLimit:     3167644 kB
Committed_AS:   30491164 kB
VmallocTotal:   34359738367 kB
VmallocUsed:       51652 kB
VmallocChunk:          0 kB
Percpu:             4704 kB
AnonHugePages:         0 kB
ShmemHugePages:        0 kB
ShmemPmdMapped:        0 kB
FileHugePages:         0 kB
FilePmdMapped:         0 kB
CmaTotal:              0 kB
CmaFree:               0 kB
DirectMap4k:       53080 kB
DirectMap2M:     2568192 kB
DirectMap1G:     1048576 kB
